
> fitness-local@0.1.0 check
> npm run typecheck && npm test && npm run build


> fitness-local@0.1.0 typecheck
> tsc --noEmit


> fitness-local@0.1.0 test
> vitest run


 RUN  v4.1.11 D:/Project/xxgospel/Fitness/.worktrees/fitness-guided

(node:9784) ExperimentalWarning: SQLite is an experimental feature and might change at any time
(Use `node --trace-warnings ...` to show where the warning was created)
(node:21536) ExperimentalWarning: SQLite is an experimental feature and might change at any time
(Use `node --trace-warnings ...` to show where the warning was created)
(node:60684) ExperimentalWarning: SQLite is an experimental feature and might change at any time
(Use `node --trace-warnings ...` to show where the warning was created)
(node:35060) ExperimentalWarning: SQLite is an experimental feature and might change at any time
(Use `node --trace-warnings ...` to show where the warning was created)
(node:9584) ExperimentalWarning: SQLite is an experimental feature and might change at any time
(Use `node --trace-warnings ...` to show where the warning was created)
(node:47716) ExperimentalWarning: SQLite is an experimental feature and might change at any time
(Use `node --trace-warnings ...` to show where the warning was created)
(node:38984) ExperimentalWarning: SQLite is an experimental feature and might change at any time
(Use `node --trace-warnings ...` to show where the warning was created)
(node:37620) ExperimentalWarning: SQLite is an experimental feature and might change at any time
(Use `node --trace-warnings ...` to show where the warning was created)
(node:41988) ExperimentalWarning: SQLite is an experimental feature and might change at any time
(Use `node --trace-warnings ...` to show where the warning was created)
(node:41140) ExperimentalWarning: SQLite is an experimental feature and might change at any time
(Use `node --trace-warnings ...` to show where the warning was created)
(node:36360) ExperimentalWarning: SQLite is an experimental feature and might change at any time
(Use `node --trace-warnings ...` to show where the warning was created)
(node:46932) ExperimentalWarning: SQLite is an experimental feature and might change at any time
(Use `node --trace-warnings ...` to show where the warning was created)
(node:48528) ExperimentalWarning: SQLite is an experimental feature and might change at any time
(Use `node --trace-warnings ...` to show where the warning was created)
(node:61596) ExperimentalWarning: SQLite is an experimental feature and might change at any time
(Use `node --trace-warnings ...` to show where the warning was created)
(node:15200) ExperimentalWarning: SQLite is an experimental feature and might change at any time
(Use `node --trace-warnings ...` to show where the warning was created)
(node:22604) ExperimentalWarning: SQLite is an experimental feature and might change at any time
(Use `node --trace-warnings ...` to show where the warning was created)
(node:51440) ExperimentalWarning: SQLite is an experimental feature and might change at any time
(Use `node --trace-warnings ...` to show where the warning was created)
(node:30140) ExperimentalWarning: SQLite is an experimental feature and might change at any time
(Use `node --trace-warnings ...` to show where the warning was created)

 Test Files  57 passed (57)
      Tests  411 passed (411)
   Start at  23:20:25
   Duration  2.69s (transform 13.45s, setup 0ms, import 34.50s, tests 4.26s, environment 7ms)


> fitness-local@0.1.0 build
> vite build

vite v8.3.2 building client environment for production...
transforming...
✓ 247 modules transformed.
rendering chunks...
computing gzip size...
dist/index.html                               0.60 kB │ gzip:   0.33 kB
dist/assets/index-VMGGfpwj.css               81.12 kB │ gzip:  15.63 kB
dist/assets/rolldown-runtime-CbXtAM7H.js      0.58 kB │ gzip:   0.36 kB
dist/assets/storage-validation-CVYhDa3g.js  191.47 kB │ gzip:  57.96 kB
dist/assets/react-DjX0U0Iu.js               218.84 kB │ gzip:  68.25 kB
dist/assets/index-B2wmxTea.js               464.89 kB │ gzip: 147.59 kB

✓ built in 195ms
